20:49:08 **** Incremental Build of configuration Debug for project SD2HDMI ****
make all 
make --no-print-directory pre-build
a9-linaro-pre-build-step
' '
make --no-print-directory main-build
'Building file: ../src/main.c'
'Invoking: ARM v7 gcc compiler'
arm-none-eabi-gcc -Wall -O0 -g3 -c -fmessage-length=0 -MT"src/main.o" -mcpu=cortex-a9 -mfpu=vfpv3 -mfloat-abi=hard -IF:/FKNV/SD2HDMI/SD2HDMI/vitis/SD2HDMI_wrapper/export/SD2HDMI_wrapper/sw/SD2HDMI_wrapper/standalone_ps7_cortexa9_0/bspinclude/include -MMD -MP -MF"src/main.d" -MT"src/main.o" -o "src/main.o" "../src/main.c"
'Finished building: ../src/main.c'
' '
'Building target: SD2HDMI.elf'
'Invoking: ARM v7 gcc linker'
arm-none-eabi-gcc -mcpu=cortex-a9 -mfpu=vfpv3 -mfloat-abi=hard -Wl,-build-id=none -specs=Xilinx.spec -Wl,-T -Wl,../src/lscript.ld -LF:/FKNV/SD2HDMI/SD2HDMI/vitis/SD2HDMI_wrapper/export/SD2HDMI_wrapper/sw/SD2HDMI_wrapper/standalone_ps7_cortexa9_0/bsplib/lib -o "SD2HDMI.elf"  ./src/dynclk/dynclk.o  ./src/display_ctrl/display_ctrl.o  ./src/main.o ./src/vdma_api.o   -Wl,--start-group,-lxil,-lgcc,-lc,--end-group -Wl,--start-group,-lxilffs,-lxil,-lgcc,-lc,--end-group
'Finished building target: SD2HDMI.elf'
' '
'Invoking: ARM v7 Print Size'
arm-none-eabi-size SD2HDMI.elf  |tee "SD2HDMI.elf.size"
   text	   data	    bss	    dec	    hex	filename
  84204	   1320	6255936	6341460	 60c354	SD2HDMI.elf
'Finished building: SD2HDMI.elf.size'
' '

20:49:09 Build Finished (took 929ms)

