20:41:40 **** Build of configuration Debug for project xuartps_hello_world_example_1 ****
make all 
make --no-print-directory pre-build
a9-linaro-pre-build-step
' '
make --no-print-directory main-build
'Building file: ../src/xuartps_hello_world_example.c'
'Invoking: ARM v7 gcc compiler'
arm-none-eabi-gcc -Wall -O0 -g3 -c -fmessage-length=0 -MT"src/xuartps_hello_world_example.o" -mcpu=cortex-a9 -mfpu=vfpv3 -mfloat-abi=hard -IF:/LX/FKNV/SD2HDMI/SD2HDMI/vitis/SD2HDMI_wrapper/export/SD2HDMI_wrapper/sw/SD2HDMI_wrapper/standalone_ps7_cortexa9_0/bspinclude/include -MMD -MP -MF"src/xuartps_hello_world_example.d" -MT"src/xuartps_hello_world_example.o" -o "src/xuartps_hello_world_example.o" "../src/xuartps_hello_world_example.c"
'Finished building: ../src/xuartps_hello_world_example.c'
' '
'Building target: xuartps_hello_world_example_1.elf'
'Invoking: ARM v7 gcc linker'
arm-none-eabi-gcc -mcpu=cortex-a9 -mfpu=vfpv3 -mfloat-abi=hard -Wl,-build-id=none -specs=Xilinx.spec -Wl,-T -Wl,../src/lscript.ld -LF:/LX/FKNV/SD2HDMI/SD2HDMI/vitis/SD2HDMI_wrapper/export/SD2HDMI_wrapper/sw/SD2HDMI_wrapper/standalone_ps7_cortexa9_0/bsplib/lib -o "xuartps_hello_world_example_1.elf"  ./src/xuartps_hello_world_example.o   -Wl,--start-group,-lxil,-lgcc,-lc,--end-group -Wl,--start-group,-lxilffs,-lxil,-lgcc,-lc,--end-group
'Finished building target: xuartps_hello_world_example_1.elf'
' '
'Invoking: ARM v7 Print Size'
arm-none-eabi-size xuartps_hello_world_example_1.elf  |tee "xuartps_hello_world_example_1.elf.size"
   text	   data	    bss	    dec	    hex	filename
  23726	   1160	  22648	  47534	   b9ae	xuartps_hello_world_example_1.elf
'Finished building: xuartps_hello_world_example_1.elf.size'
' '

20:41:41 Build Finished (took 389ms)

